###############################################################################
#
# IAR ELF Linker V7.50.2.10312/W32 for ARM                03/Nov/2016  20:05:28
# Copyright 2007-2015 IAR Systems AB.
#
#    Output file  =  D:\Work\Freescale\SmartClock\Debug\Exe\Smart_Clock.out
#    Map file     =  D:\Work\Freescale\SmartClock\Debug\List\Smart_Clock.map
#    Command line =  
#        D:\Work\Freescale\SmartClock\Debug\Obj\Clock.o
#        D:\Work\Freescale\SmartClock\Debug\Obj\DisplayM.o
#        D:\Work\Freescale\SmartClock\Debug\Obj\Driver_SLCD.o
#        D:\Work\Freescale\SmartClock\Debug\Obj\ds18b20.o
#        D:\Work\Freescale\SmartClock\Debug\Obj\Fonts_LCD.o
#        D:\Work\Freescale\SmartClock\Debug\Obj\List.o
#        D:\Work\Freescale\SmartClock\Debug\Obj\main.o
#        D:\Work\Freescale\SmartClock\Debug\Obj\OS.o
#        D:\Work\Freescale\SmartClock\Debug\Obj\Port.o
#        D:\Work\Freescale\SmartClock\Debug\Obj\port_asm.o
#        D:\Work\Freescale\SmartClock\Debug\Obj\SM.o
#        D:\Work\Freescale\SmartClock\Debug\Obj\Task.o
#        D:\Work\Freescale\SmartClock\Debug\Obj\TD.o
#        D:\Work\Freescale\SmartClock\Debug\Obj\vector_table_M_for_MK40X256.o
#        -o D:\Work\Freescale\SmartClock\Debug\Exe\Smart_Clock.out --map
#        D:\Work\Freescale\SmartClock\Debug\List\Smart_Clock.map --config
#        D:\Work\Freescale\SmartClock\Smart_Clock.icf --semihosting --entry
#        __iar_program_start --vfe
#
###############################################################################

*******************************************************************************
*** RUNTIME MODEL ATTRIBUTES
***

CppFlavor       = *
__Heap_Handler  = DLMalloc
__SystemLibrary = DLib


*******************************************************************************
*** PLACEMENT SUMMARY
***

"A1":  place at 0x00000000 { ro section .intvec };
"P2":  place in [from 0x00000000 to 0x000003ff] |
                [from 0x00000410 to 0x0003ffff] |
                [from 0x10000000 to 0x1003ffff] { ro };
"P3":  place in [from 0x1fff8000 to 0x1fffffff repeat 2] {
          rw, block CSTACK, block HEAP };

  Section            Kind        Address    Size  Object
  -------            ----        -------    ----  ------
"A1":                                      0x1e0
  .intvec            ro code  0x00000000   0x1e0  vector_table_M_for_MK40X256.o [1]
                            - 0x000001e0   0x1e0

"P2", part 1 of 2:                          0xa8
  .rodata            const    0x000001e0     0x0  zero_init3.o [4]
  .rodata            const    0x000001e0     0x0  packbits_init.o [4]
  Initializer bytes  const    0x000001e0    0xa8  <for P3 s0>
                            - 0x00000288    0xa8

"P2", part 2 of 2:                        0x2c22
  .text              ro code  0x00000410   0xfdc  dlmalloc.o [3]
  .text              ro code  0x000013ec     0x6  abort.o [3]
  .text              ro code  0x000013f4    0x2c  xgetmemchunk.o [3]
  .text              ro code  0x00001420    0x14  exit.o [5]
  .text              ro code  0x00001434   0x7fc  Driver_SLCD.o [1]
  .text              ro code  0x00001c30   0x380  DisplayM.o [1]
  .text              ro code  0x00001fb0   0x208  Task.o [1]
  .text              ro code  0x000021b8    0x76  ABImemcpy_unaligned.o [4]
  .text              ro code  0x0000222e    0xa0  List.o [1]
  .text              ro code  0x000022d0    0xdc  Port.o [1]
  .text              ro code  0x000023ac    0x6e  OS.o [1]
  .text              ro code  0x0000241c    0x88  port_asm.o [1]
  .text              ro code  0x000024a4   0x288  ds18b20.o [1]
  .text              ro code  0x0000272c   0x1d4  TD.o [1]
  .text              ro code  0x00002900   0x188  SM.o [1]
  .text              ro code  0x00002a88    0xd8  packbits_init.o [4]
  .text              ro code  0x00002b60    0xb4  Clock.o [1]
  .rodata            const    0x00002c14    0x64  main.o [1]
  .text              ro code  0x00002c78    0x40  zero_init3.o [4]
  .rodata            const    0x00002cb8    0x28  Driver_SLCD.o [1]
  .text              ro code  0x00002ce0    0x28  data_init.o [4]
  .iar.init_table    const    0x00002d08    0x2c  - Linker created -
  .text              ro code  0x00002d34    0x20  main.o [1]
  .text              ro code  0x00002d54    0x1a  cmain.o [4]
  .text              ro code  0x00002d6e     0x4  low_level_init.o [3]
  .text              ro code  0x00002d72     0x4  exit.o [3]
  .text              ro code  0x00002d78     0xa  cexit.o [4]
  .rodata            const    0x00002d84    0x10  Fonts_LCD.o [1]
  .rodata            const    0x00002d94    0x10  Fonts_LCD.o [1]
  .rodata            const    0x00002da4    0x10  Fonts_LCD.o [1]
  .rodata            const    0x00002db4    0x10  Fonts_LCD.o [1]
  .rodata            const    0x00002dc4    0x10  Fonts_LCD.o [1]
  .rodata            const    0x00002dd4    0x10  Fonts_LCD.o [1]
  .rodata            const    0x00002de4    0x10  Fonts_LCD.o [1]
  .rodata            const    0x00002df4    0x10  Fonts_LCD.o [1]
  .rodata            const    0x00002e04    0x10  Fonts_LCD.o [1]
  .rodata            const    0x00002e14    0x10  Fonts_LCD.o [1]
  .rodata            const    0x00002e24    0x10  Fonts_LCD.o [1]
  .rodata            const    0x00002e34    0x10  Fonts_LCD.o [1]
  .rodata            const    0x00002e44    0x10  Fonts_LCD.o [1]
  .rodata            const    0x00002e54    0x10  Fonts_LCD.o [1]
  .rodata            const    0x00002e64    0x10  Fonts_LCD.o [1]
  .rodata            const    0x00002e74    0x10  Fonts_LCD.o [1]
  .rodata            const    0x00002e84    0x10  Fonts_LCD.o [1]
  .rodata            const    0x00002e94    0x10  Fonts_LCD.o [1]
  .rodata            const    0x00002ea4    0x10  Fonts_LCD.o [1]
  .rodata            const    0x00002eb4    0x10  Fonts_LCD.o [1]
  .rodata            const    0x00002ec4    0x10  Fonts_LCD.o [1]
  .rodata            const    0x00002ed4    0x10  Fonts_LCD.o [1]
  .rodata            const    0x00002ee4    0x10  Fonts_LCD.o [1]
  .rodata            const    0x00002ef4    0x10  Fonts_LCD.o [1]
  .rodata            const    0x00002f04    0x10  Fonts_LCD.o [1]
  .rodata            const    0x00002f14    0x10  Fonts_LCD.o [1]
  .rodata            const    0x00002f24    0x10  Fonts_LCD.o [1]
  .rodata            const    0x00002f34    0x10  Fonts_LCD.o [1]
  .rodata            const    0x00002f44    0x10  Fonts_LCD.o [1]
  .rodata            const    0x00002f54    0x10  Fonts_LCD.o [1]
  .rodata            const    0x00002f64    0x10  Fonts_LCD.o [1]
  .rodata            const    0x00002f74    0x10  Fonts_LCD.o [1]
  .rodata            const    0x00002f84    0x10  Fonts_LCD.o [1]
  .rodata            const    0x00002f94    0x10  Fonts_LCD.o [1]
  .rodata            const    0x00002fa4    0x10  Fonts_LCD.o [1]
  .rodata            const    0x00002fb4    0x10  Fonts_LCD.o [1]
  .rodata            const    0x00002fc4    0x10  Fonts_LCD.o [1]
  .rodata            const    0x00002fd4    0x10  Fonts_LCD.o [1]
  .rodata            const    0x00002fe4    0x10  Fonts_LCD.o [1]
  .rodata            const    0x00002ff4    0x10  Fonts_LCD.o [1]
  .rodata            const    0x00003004    0x10  SM.o [1]
  .rodata            const    0x00003014     0xc  TD.o [1]
  .text              ro code  0x00003020     0xc  cstartup_M.o [4]
  .text              ro code  0x0000302c     0x4  vector_table_M_for_MK40X256.o [1]
  .text              ro code  0x00003030     0x2  vector_table_M_for_MK40X256.o [1]
                            - 0x00003032  0x2c22

"P3", part 1 of 3:                         0x181
  P3 s0                       0x1fff8000   0x181  <Init block>
    .data            inited   0x1fff8000   0x180  Fonts_LCD.o [1]
    .data            inited   0x1fff8180     0x1  Driver_SLCD.o [1]
                            - 0x1fff8181   0x181

"P3", part 2 of 3:                         0x508
  .bss               zero     0x1fff8184   0x1d8  dlmalloc.o [3]
  .bss               zero     0x1fff835c   0x178  DisplayM.o [1]
  .bss               zero     0x1fff84d4   0x12c  DisplayM.o [1]
  .bss               zero     0x1fff8600    0x18  DisplayM.o [1]
  .bss               zero     0x1fff8618    0x18  SM.o [1]
  .bss               zero     0x1fff8630    0x18  dlmalloc.o [3]
  .bss               zero     0x1fff8648     0xc  DisplayM.o [1]
  .bss               zero     0x1fff8654     0x8  Task.o [1]
  .bss               zero     0x1fff865c     0x8  Task.o [1]
  .bss               zero     0x1fff8664     0x8  Task.o [1]
  .bss               zero     0x1fff866c     0x8  TD.o [1]
  .bss               zero     0x1fff8674     0x4  DisplayM.o [1]
  .bss               zero     0x1fff8678     0x4  ds18b20.o [1]
  .bss               zero     0x1fff867c     0x4  Task.o [1]
  .bss               zero     0x1fff8680     0x4  TD.o [1]
  .bss               zero     0x1fff8684     0x4  xgetmemchunk.o [3]
  .bss               zero     0x1fff8688     0x2  ds18b20.o [1]
  .bss               zero     0x1fff868a     0x1  TD.o [1]
  .bss               zero     0x1fff868b     0x1  TD.o [1]
                            - 0x1fff868c   0x508

"P3", part 3 of 3:                        0x3000
  CSTACK                      0x1fff8690  0x1000  <Block>
    CSTACK           uninit   0x1fff8690  0x1000  <Block tail>
  HEAP                        0x1fff9690  0x2000  <Block>
    HEAP             uninit   0x1fff9690  0x2000  <Block tail>
                            - 0x1fffb690  0x3000


*******************************************************************************
*** INIT TABLE
***

          Address     Size
          -------     ----
Zero (__iar_zero_init3)
    1 destination range, total size 0x508:
          0x1fff8184  0x508

Copy/packbits (__iar_packbits_init3)
    1 source range, total size 0xa8 (43% of destination):
          0x000001e0   0xa8
    1 destination range, total size 0x181:
          0x1fff8000  0x181



*******************************************************************************
*** MODULE SUMMARY
***

    Module                         ro code  ro data  rw data
    ------                         -------  -------  -------
D:\Work\Freescale\SmartClock\Debug\Obj: [1]
    Clock.o                            180
    DisplayM.o                         896               716
    Driver_SLCD.o                    2 044       41        1
    Fonts_LCD.o                                 807      384
    List.o                             160
    OS.o                               110
    Port.o                             220
    SM.o                               392       16       24
    TD.o                               468       12       14
    Task.o                             520                28
    ds18b20.o                          648                 6
    main.o                              32      100
    port_asm.o                         136
    vector_table_M_for_MK40X256.o      486
    --------------------------------------------------------
    Total:                           6 292      976    1 173

command line: [2]
    --------------------------------------------------------
    Total:

dl7M_tln.a: [3]
    abort.o                              6
    dlmalloc.o                       4 060               496
    exit.o                               4
    low_level_init.o                     4
    xgetmemchunk.o                      44                 4
    --------------------------------------------------------
    Total:                           4 118               500

rt7M_tl.a: [4]
    ABImemcpy_unaligned.o              118
    cexit.o                             10
    cmain.o                             26
    cstartup_M.o                        12
    data_init.o                         40
    packbits_init.o                    216
    zero_init3.o                        64
    --------------------------------------------------------
    Total:                             486

shb_l.a: [5]
    exit.o                              20
    --------------------------------------------------------
    Total:                              20

    Gaps                                 8        2
    Linker created                               44   12 288
------------------------------------------------------------
    Grand Total:                    10 924    1 022   13 961


*******************************************************************************
*** ENTRY LIST
***

Entry                      Address   Size  Type      Object
-----                      -------   ----  ----      ------
.iar.init_table$$Base   0x00002d08          --   Gb  - Linker created -
.iar.init_table$$Limit  0x00002d34          --   Gb  - Linker created -
?main                   0x00002d55         Code  Gb  cmain.o [4]
CSTACK$$Base            0x1fff8690          --   Gb  - Linker created -
CSTACK$$Limit           0x1fff9690          --   Gb  - Linker created -
DS_DelayCycles          0x000024a5    0x8  Code  Lc  ds18b20.o [1]
DS_GetTemperature       0x000026bb   0x40  Code  Gb  ds18b20.o [1]
DS_Init                 0x000024ad   0x16  Code  Gb  ds18b20.o [1]
DS_MainTask             0x000026fb   0x14  Code  Gb  ds18b20.o [1]
DS_Read                 0x00002591   0x68  Code  Gb  ds18b20.o [1]
DS_ReadTemp             0x000025f9   0xc2  Code  Gb  ds18b20.o [1]
DS_ResetCommunication   0x000024c3   0x64  Code  Gb  ds18b20.o [1]
DS_WriteCommand         0x00002527   0x6a  Code  Gb  ds18b20.o [1]
DS_sensorOff            0x1fff8678    0x4  Data  Lc  ds18b20.o [1]
DispM_DisplayBuffer     0x00001e05   0x7e  Code  Lc  DisplayM.o [1]
DispM_DisplayNormal     0x00001e85   0x84  Code  Lc  DisplayM.o [1]
DispM_Error             0x00001f09    0xa  Code  Lc  DisplayM.o [1]
DispM_IdleState         0x00001da5    0x2  Code  Lc  DisplayM.o [1]
DispM_Init              0x00001c31   0x6e  Code  Gb  DisplayM.o [1]
DispM_MainTask          0x00001cb3   0x1a  Code  Gb  DisplayM.o [1]
DispM_PrintString       0x00001f13   0x84  Code  Gb  DisplayM.o [1]
DispM_SetDisplay        0x00001d21   0x82  Code  Lc  DisplayM.o [1]
DispM_Strlen            0x00001c9f   0x14  Code  Lc  DisplayM.o [1]
DispM_UpdateBaseDisplayBuffer
                        0x00001ccd   0x54  Code  Lc  DisplayM.o [1]
DispM_UpdateDisplayBuffer
                        0x00001da9   0x5a  Code  Lc  DisplayM.o [1]
DispM_aui8GlobalStringBuffer
                        0x1fff835c  0x178  Data  Lc  DisplayM.o [1]
DispM_aui8UnalteredStringBuffer
                        0x1fff84d4  0x12c  Data  Lc  DisplayM.o [1]
DispM_info              0x1fff8648    0xc  Data  Lc  DisplayM.o [1]
DispM_pDisplayBuffer    0x1fff8674    0x4  Data  Lc  DisplayM.o [1]
DispM_state             0x1fff8600   0x18  Data  Lc  DisplayM.o [1]
Fonts                   0x1fff8000  0x180  Data  Gb  Fonts_LCD.o [1]
HEAP$$Base              0x1fff9690          --   Gb  - Linker created -
HEAP$$Limit             0x1fffb690          --   Gb  - Linker created -
InStream_Read           0x00002a89   0x22  Code  Lc  packbits_init.o [4]
InitClock               0x00002b61   0xb4  Code  Gb  Clock.o [1]
List_CreateListItem     0x000022b9   0x16  Code  Gb  List.o [1]
List_InsertElement      0x0000222f   0x36  Code  Gb  List.o [1]
List_InsertElementAtEnd
                        0x00002265   0x1a  Code  Gb  List.o [1]
List_RemoveElement      0x0000227f   0x3a  Code  Gb  List.o [1]
NVIC_SetPriority        0x000022d1   0x22  Code  Lc  Port.o [1]
OS_IdleTask             0x00002419    0x2  Code  Gb  OS.o [1]
OS_Init                 0x000023ad   0x20  Code  Gb  OS.o [1]
OS_StartScheduler       0x000023e5   0x2a  Code  Gb  OS.o [1]
OS_TickHandler          0x000023cd   0x18  Code  Gb  OS.o [1]
OS_scheduledTaskList    0x00002c14   0x64  Data  Gb  main.o [1]
PendSV_Handler          0x0000241d         Code  Gb  port_asm.o [1]
Port_EnableVFP          0x0000248b         Code  Gb  port_asm.o [1]
Port_Init               0x00002321    0x2  Code  Gb  Port.o [1]
Port_InitializeTaskStack
                        0x0000234f   0x42  Code  Gb  Port.o [1]
Port_SetupInterrupts    0x00002323   0x1e  Code  Gb  Port.o [1]
Port_StartFirstTask     0x00002475         Code  Gb  port_asm.o [1]
Port_TaskExitError      0x0000234d    0x2  Code  Gb  Port.o [1]
Region$$Table$$Base     0x00002d08          --   Gb  - Linker created -
Region$$Table$$Limit    0x00002d34          --   Gb  - Linker created -
SM_DisplayDate          0x00002921   0xa0  Code  Lc  SM.o [1]
SM_DisplayTemperature   0x00002a59    0xc  Code  Lc  SM.o [1]
SM_DisplayTime          0x000029c1   0x96  Code  Lc  SM.o [1]
SM_Init                 0x00002901   0x20  Code  Gb  SM.o [1]
SM_MainTask             0x00002a65   0x1a  Code  Gb  SM.o [1]
SM_stateInfo            0x1fff8618   0x18  Data  Lc  SM.o [1]
SVC_Handler             0x00002459         Code  Gb  port_asm.o [1]
SysTick_Config          0x000022f3   0x2e  Code  Lc  Port.o [1]
SysTick_Handler         0x00002341    0xc  Code  Gb  Port.o [1]
TD_GetDate              0x000028d1   0x1a  Code  Gb  TD.o [1]
TD_GetTime              0x000028bd   0x14  Code  Gb  TD.o [1]
TD_Init                 0x0000272d   0x34  Code  Gb  TD.o [1]
TD_MainTask             0x00002761   0x2c  Code  Gb  TD.o [1]
TD_UpdateDate           0x000027dd   0xe0  Code  Lc  TD.o [1]
TD_UpdateTime           0x0000278d   0x50  Code  Lc  TD.o [1]
TD_currentDate          0x1fff866c    0x8  Data  Lc  TD.o [1]
TD_currentTime          0x1fff8680    0x4  Data  Lc  TD.o [1]
TD_daysInAMonth         0x00003014    0xc  Data  Lc  TD.o [1]
TD_ui1ChangeDay         0x1fff868a    0x1  Data  Lc  TD.o [1]
Task_AddTaskInReadyList
                        0x00001feb   0x2e  Code  Lc  Task.o [1]
Task_BlockedList        0x1fff865c    0x8  Data  Gb  Task.o [1]
Task_CheckDelayedTasks  0x000020f1   0x44  Code  Lc  Task.o [1]
Task_Create             0x0000203f   0x70  Code  Gb  Task.o [1]
Task_Delay              0x00002135   0x64  Code  Gb  Task.o [1]
Task_Init               0x00002019   0x26  Code  Gb  Task.o [1]
Task_InsertInReadyList  0x00001fb1   0x3a  Code  Lc  Task.o [1]
Task_ReadyList          0x1fff8654    0x8  Data  Gb  Task.o [1]
Task_Schedule           0x000020af   0x42  Code  Gb  Task.o [1]
Task_SuspendedList      0x1fff8664    0x8  Data  Gb  Task.o [1]
Task_SwitchContext      0x00002199    0xc  Code  Gb  Task.o [1]
Task_pCurrentTask       0x1fff867c    0x4  Data  Gb  Task.o [1]
WaveFormShiftRegisterTable
                        0x00002cb8   0x28  Data  Gb  Driver_SLCD.o [1]
_0                      0x00002d84   0x10  Data  Gb  Fonts_LCD.o [1]
_1                      0x00002d94   0x10  Data  Gb  Fonts_LCD.o [1]
_2                      0x00002da4   0x10  Data  Gb  Fonts_LCD.o [1]
_3                      0x00002db4   0x10  Data  Gb  Fonts_LCD.o [1]
_4                      0x00002dc4   0x10  Data  Gb  Fonts_LCD.o [1]
_5                      0x00002dd4   0x10  Data  Gb  Fonts_LCD.o [1]
_6                      0x00002de4   0x10  Data  Gb  Fonts_LCD.o [1]
_7                      0x00002df4   0x10  Data  Gb  Fonts_LCD.o [1]
_8                      0x00002e04   0x10  Data  Gb  Fonts_LCD.o [1]
_9                      0x00002e14   0x10  Data  Gb  Fonts_LCD.o [1]
_A                      0x00002e24   0x10  Data  Gb  Fonts_LCD.o [1]
_B                      0x00002e34   0x10  Data  Gb  Fonts_LCD.o [1]
_C                      0x00002e44   0x10  Data  Gb  Fonts_LCD.o [1]
_Colon                  0x00002fe4   0x10  Data  Gb  Fonts_LCD.o [1]
_D                      0x00002e54   0x10  Data  Gb  Fonts_LCD.o [1]
_Dot                    0x00002fd4   0x10  Data  Gb  Fonts_LCD.o [1]
_E                      0x00002e64   0x10  Data  Gb  Fonts_LCD.o [1]
_Exclamation            0x00002fc4   0x10  Data  Gb  Fonts_LCD.o [1]
_F                      0x00002e74   0x10  Data  Gb  Fonts_LCD.o [1]
_G                      0x00002e84   0x10  Data  Gb  Fonts_LCD.o [1]
_H                      0x00002e94   0x10  Data  Gb  Fonts_LCD.o [1]
_I                      0x00002ea4   0x10  Data  Gb  Fonts_LCD.o [1]
_J                      0x00002eb4   0x10  Data  Gb  Fonts_LCD.o [1]
_K                      0x00002ec4   0x10  Data  Gb  Fonts_LCD.o [1]
_L                      0x00002ed4   0x10  Data  Gb  Fonts_LCD.o [1]
_M                      0x00002ee4   0x10  Data  Gb  Fonts_LCD.o [1]
_N                      0x00002ef4   0x10  Data  Gb  Fonts_LCD.o [1]
_O                      0x00002f04   0x10  Data  Gb  Fonts_LCD.o [1]
_P                      0x00002f14   0x10  Data  Gb  Fonts_LCD.o [1]
_Q                      0x00002f24   0x10  Data  Gb  Fonts_LCD.o [1]
_R                      0x00002f34   0x10  Data  Gb  Fonts_LCD.o [1]
_S                      0x00002f44   0x10  Data  Gb  Fonts_LCD.o [1]
_SLCDModule_ClearLCD    0x00001915  0x112  Code  Gb  Driver_SLCD.o [1]
_SLCDModule_ClearSegment
                        0x000018b1   0x32  Code  Gb  Driver_SLCD.o [1]
_SLCDModule_CopyWFRegister
                        0x00001acd   0xa8  Code  Gb  Driver_SLCD.o [1]
_SLCDModule_Init        0x00001435  0x276  Code  Gb  Driver_SLCD.o [1]
_SLCDModule_PrintString
                        0x000016ab   0x40  Code  Gb  Driver_SLCD.o [1]
_SLCDModule_SelectBackPlanePhase
                        0x00001b75   0x8a  Code  Gb  Driver_SLCD.o [1]
_SLCDModule_SetSegment  0x00001865   0x38  Code  Gb  Driver_SLCD.o [1]
_SLCDModule_StringWFRegisters
                        0x000016eb   0xa0  Code  Gb  Driver_SLCD.o [1]
_SLCDModule_WriteWFRegister
                        0x00001a29   0xa0  Code  Gb  Driver_SLCD.o [1]
_SPACE                  0x00002ff4   0x10  Data  Gb  Fonts_LCD.o [1]
_T                      0x00002f54   0x10  Data  Gb  Fonts_LCD.o [1]
_U                      0x00002f64   0x10  Data  Gb  Fonts_LCD.o [1]
_V                      0x00002f74   0x10  Data  Gb  Fonts_LCD.o [1]
_W                      0x00002f84   0x10  Data  Gb  Fonts_LCD.o [1]
_X                      0x00002f94   0x10  Data  Gb  Fonts_LCD.o [1]
_Y                      0x00002fa4   0x10  Data  Gb  Fonts_LCD.o [1]
_Z                      0x00002fb4   0x10  Data  Gb  Fonts_LCD.o [1]
__cmain                 0x00002d55         Code  Gb  cmain.o [4]
__data_GetMemChunk      0x000013f5   0x2c  Code  Gb  xgetmemchunk.o [3]
__exit                  0x00001421   0x14  Code  Gb  exit.o [5]
__iar_data_init3        0x00002ce1   0x28  Code  Gb  data_init.o [4]
__iar_dlmalloc          0x00001131  0x2aa  Code  Gb  dlmalloc.o [3]
__iar_packbits_init3    0x00002aab   0xb6  Code  Gb  packbits_init.o [4]
__iar_program_start     0x00003021         Code  Gb  cstartup_M.o [4]
__iar_unaligned___aeabi_memcpy
                        0x000021b9         Code  Gb  ABImemcpy_unaligned.o [4]
__iar_unaligned___aeabi_memcpy4
                        0x000021d9         Code  Gb  ABImemcpy_unaligned.o [4]
__iar_unaligned___aeabi_memcpy8
                        0x000021d9         Code  Gb  ABImemcpy_unaligned.o [4]
__iar_zero_init3        0x00002c79   0x40  Code  Gb  zero_init3.o [4]
__low_level_init        0x00002d6f    0x4  Code  Gb  low_level_init.o [3]
__vector_table          0x00000000         Data  Gb  vector_table_M_for_MK40X256.o [1]
_call_main              0x00002d61         Code  Gb  cmain.o [4]
_exit                   0x00002d79         Code  Gb  cexit.o [4]
_gm_                    0x1fff8184  0x1d8  Data  Lc  dlmalloc.o [3]
_main                   0x00002d6b         Code  Gb  cmain.o [4]
abort                   0x000013ed    0x6  Code  Gb  abort.o [3]
exit                    0x00002d73    0x4  Code  Gb  exit.o [3]
init_mparams            0x0000042b   0x32  Code  Lc  dlmalloc.o [3]
init_top                0x0000045d   0x34  Code  Lc  dlmalloc.o [3]
main                    0x00002d35   0x20  Code  Gb  main.o [1]
mparams                 0x1fff8630   0x18  Data  Lc  dlmalloc.o [3]
prepend_alloc           0x00000491  0x36c  Code  Lc  dlmalloc.o [3]
segment_holding         0x00000411   0x1a  Code  Lc  dlmalloc.o [3]
sys_alloc               0x000007fd  0x386  Code  Lc  dlmalloc.o [3]
temperature             0x1fff8688    0x2  Data  Gb  ds18b20.o [1]
tmalloc_large           0x00000b91  0x390  Code  Lc  dlmalloc.o [3]
tmalloc_small           0x00000f21  0x210  Code  Lc  dlmalloc.o [3]


[1] = D:\Work\Freescale\SmartClock\Debug\Obj
[2] = command line
[3] = dl7M_tln.a
[4] = rt7M_tl.a
[5] = shb_l.a

  10 924 bytes of readonly  code memory
   1 022 bytes of readonly  data memory
  13 961 bytes of readwrite data memory

Errors: none
Warnings: none
