###############################################################################
#
# IAR ELF Linker V7.50.2.10312/W32 for ARM                08/Dec/2016  19:44:08
# Copyright 2007-2015 IAR Systems AB.
#
#    Output file  =  D:\Work\Freescale\SmartClock\Debug\Exe\Smart_Clock.out
#    Map file     =  D:\Work\Freescale\SmartClock\Debug\List\Smart_Clock.map
#    Command line =  
#        D:\Work\Freescale\SmartClock\Debug\Obj\Clock.o
#        D:\Work\Freescale\SmartClock\Debug\Obj\DisplayM.o
#        D:\Work\Freescale\SmartClock\Debug\Obj\Driver_Electrodes.o
#        D:\Work\Freescale\SmartClock\Debug\Obj\Driver_GPIO.o
#        D:\Work\Freescale\SmartClock\Debug\Obj\Driver_SLCD.o
#        D:\Work\Freescale\SmartClock\Debug\Obj\ds18b20.o
#        D:\Work\Freescale\SmartClock\Debug\Obj\Fonts_LCD.o
#        D:\Work\Freescale\SmartClock\Debug\Obj\List.o
#        D:\Work\Freescale\SmartClock\Debug\Obj\main.o
#        D:\Work\Freescale\SmartClock\Debug\Obj\OS.o
#        D:\Work\Freescale\SmartClock\Debug\Obj\Port.o
#        D:\Work\Freescale\SmartClock\Debug\Obj\port_asm.o
#        D:\Work\Freescale\SmartClock\Debug\Obj\SM.o
#        D:\Work\Freescale\SmartClock\Debug\Obj\Task.o
#        D:\Work\Freescale\SmartClock\Debug\Obj\TD.o
#        D:\Work\Freescale\SmartClock\Debug\Obj\TSS.o
#        D:\Work\Freescale\SmartClock\Debug\Obj\TSS_Freemaster.o
#        D:\Work\Freescale\SmartClock\Source\Libs\TSS_KXX_iar.a
#        D:\Work\Freescale\SmartClock\Debug\Obj\TSS_Sensor.o
#        D:\Work\Freescale\SmartClock\Debug\Obj\TSS_SensorCTS.o
#        D:\Work\Freescale\SmartClock\Debug\Obj\TSS_SensorGPIO.o
#        D:\Work\Freescale\SmartClock\Debug\Obj\TSS_SensorKBI.o
#        D:\Work\Freescale\SmartClock\Debug\Obj\TSS_SensorPTI.o
#        D:\Work\Freescale\SmartClock\Debug\Obj\TSS_SensorTIC.o
#        D:\Work\Freescale\SmartClock\Debug\Obj\TSS_SensorTSI.o
#        D:\Work\Freescale\SmartClock\Debug\Obj\TSS_SystemSetupData.o
#        D:\Work\Freescale\SmartClock\Debug\Obj\vector_table_M_for_MK40X256.o
#        -o D:\Work\Freescale\SmartClock\Debug\Exe\Smart_Clock.out --map
#        D:\Work\Freescale\SmartClock\Debug\List\Smart_Clock.map --config
#        D:\Work\Freescale\SmartClock\Smart_Clock.icf --semihosting --entry
#        __iar_program_start --vfe
#
###############################################################################

*******************************************************************************
*** RUNTIME MODEL ATTRIBUTES
***

CppFlavor       = *
__Heap_Handler  = DLMalloc
__SystemLibrary = DLib


*******************************************************************************
*** PLACEMENT SUMMARY
***

"A1":  place at 0x00000000 { ro section .intvec };
"P2":  place in [from 0x00000000 to 0x000003ff] |
                [from 0x00000410 to 0x0003ffff] |
                [from 0x10000000 to 0x1003ffff] { ro };
"P3":  place in [from 0x1fff8000 to 0x1fffffff repeat 2] {
          rw, block CSTACK, block HEAP };

  Section            Kind        Address    Size  Object
  -------            ----        -------    ----  ------
"A1":                                      0x1e0
  .intvec            ro code  0x00000000   0x1e0  vector_table_M_for_MK40X256.o [1]
                            - 0x000001e0   0x1e0

"P2", part 1 of 2:                          0xca
  .rodata            const    0x000001e0     0x0  zero_init3.o [5]
  .rodata            const    0x000001e0     0x0  packbits_init.o [5]
  Initializer bytes  const    0x000001e0    0xca  <for P3 s0>
                            - 0x000002aa    0xca

"P2", part 2 of 2:                        0x4796
  .text              ro code  0x00000410   0xfdc  dlmalloc.o [4]
  .text              ro code  0x000013ec     0x6  abort.o [4]
  .rodata            const    0x000013f2     0x1  TSS_SystemSetupData.o [1]
  .rodata            const    0x000013f3     0x1  TSS_SystemSetupData.o [1]
  .text              ro code  0x000013f4    0x2c  xgetmemchunk.o [4]
  .text              ro code  0x00001420    0x14  exit.o [6]
  .text              ro code  0x00001434   0x904  TSS_KeyDetector.o [3]
  .text              ro code  0x00001d38    0x1c  TSS_SystemSetupData.o [1]
  .text              ro code  0x00001d54   0x7fc  Driver_SLCD.o [1]
  .text              ro code  0x00002550   0x5ac  TSS_SensorCTS.o [1]
  .text              ro code  0x00002afc    0x3a  TSS_Filters.o [3]
  .rodata            const    0x00002b36     0x1  TSS_SystemSetupData.o [1]
  .rodata            const    0x00002b37     0x1  TSS_SystemSetupData.o [1]
  .text              ro code  0x00002b38   0x550  TSS_Main.o [3]
  .text              ro code  0x00003088     0x6  ABImemclr.o [5]
  .rodata            const    0x0000308e     0x1  TSS_SystemSetupData.o [1]
  .rodata            const    0x0000308f     0x1  TSS_SystemSetupData.o [1]
  .text              ro code  0x00003090    0x66  ABImemset.o [5]
  .rodata            const    0x000030f6     0x1  TSS_SystemSetupData.o [1]
  .text              ro code  0x000030f8   0x380  DisplayM.o [1]
  .text              ro code  0x00003478   0x210  Task.o [1]
  .text              ro code  0x00003688    0x76  ABImemcpy_unaligned.o [5]
  .text              ro code  0x000036fe    0xa0  List.o [1]
  .text              ro code  0x000037a0    0xdc  Port.o [1]
  .text              ro code  0x0000387c    0x6e  OS.o [1]
  .text              ro code  0x000038ec    0x88  port_asm.o [1]
  .text              ro code  0x00003974   0x33c  TSS_KeypadDecoder.o [3]
  .text              ro code  0x00003cb0   0x200  Driver_Electrodes.o [1]
  .text              ro code  0x00003eb0    0x80  Driver_GPIO.o [1]
  .text              ro code  0x00003f30   0x1d8  SM.o [1]
  .text              ro code  0x00004108   0x1d4  TD.o [1]
  .text              ro code  0x000042dc   0x178  TSS.o [1]
  .text              ro code  0x00004454    0xd8  packbits_init.o [5]
  .text              ro code  0x0000452c    0xb4  Clock.o [1]
  .text              ro code  0x000045e0    0xa4  TSS_Sensor.o [1]
  .rodata            const    0x00004684    0x78  main.o [1]
  .text              ro code  0x000046fc    0x40  zero_init3.o [5]
  .text              ro code  0x0000473c    0x2a  ds18b20.o [1]
  .rodata            const    0x00004768    0x28  Driver_SLCD.o [1]
  .text              ro code  0x00004790    0x28  data_init.o [5]
  .text              ro code  0x000047b8    0x24  main.o [1]
  .iar.init_table    const    0x000047dc    0x2c  - Linker created -
  .text              ro code  0x00004808    0x1a  cmain.o [5]
  .text              ro code  0x00004822     0x4  low_level_init.o [4]
  .text              ro code  0x00004826     0x4  exit.o [4]
  .text              ro code  0x0000482c     0xa  cexit.o [5]
  .rodata            const    0x00004838    0x18  TSS_Sensor.o [1]
  .rodata            const    0x00004850    0x18  TSS_Sensor.o [1]
  .rodata            const    0x00004868    0x10  Fonts_LCD.o [1]
  .rodata            const    0x00004878    0x10  Fonts_LCD.o [1]
  .rodata            const    0x00004888    0x10  Fonts_LCD.o [1]
  .rodata            const    0x00004898    0x10  Fonts_LCD.o [1]
  .rodata            const    0x000048a8    0x10  Fonts_LCD.o [1]
  .rodata            const    0x000048b8    0x10  Fonts_LCD.o [1]
  .rodata            const    0x000048c8    0x10  Fonts_LCD.o [1]
  .rodata            const    0x000048d8    0x10  Fonts_LCD.o [1]
  .rodata            const    0x000048e8    0x10  Fonts_LCD.o [1]
  .rodata            const    0x000048f8    0x10  Fonts_LCD.o [1]
  .rodata            const    0x00004908    0x10  Fonts_LCD.o [1]
  .rodata            const    0x00004918    0x10  Fonts_LCD.o [1]
  .rodata            const    0x00004928    0x10  Fonts_LCD.o [1]
  .rodata            const    0x00004938    0x10  Fonts_LCD.o [1]
  .rodata            const    0x00004948    0x10  Fonts_LCD.o [1]
  .rodata            const    0x00004958    0x10  Fonts_LCD.o [1]
  .rodata            const    0x00004968    0x10  Fonts_LCD.o [1]
  .rodata            const    0x00004978    0x10  Fonts_LCD.o [1]
  .rodata            const    0x00004988    0x10  Fonts_LCD.o [1]
  .rodata            const    0x00004998    0x10  Fonts_LCD.o [1]
  .rodata            const    0x000049a8    0x10  Fonts_LCD.o [1]
  .rodata            const    0x000049b8    0x10  Fonts_LCD.o [1]
  .rodata            const    0x000049c8    0x10  Fonts_LCD.o [1]
  .rodata            const    0x000049d8    0x10  Fonts_LCD.o [1]
  .rodata            const    0x000049e8    0x10  Fonts_LCD.o [1]
  .rodata            const    0x000049f8    0x10  Fonts_LCD.o [1]
  .rodata            const    0x00004a08    0x10  Fonts_LCD.o [1]
  .rodata            const    0x00004a18    0x10  Fonts_LCD.o [1]
  .rodata            const    0x00004a28    0x10  Fonts_LCD.o [1]
  .rodata            const    0x00004a38    0x10  Fonts_LCD.o [1]
  .rodata            const    0x00004a48    0x10  Fonts_LCD.o [1]
  .rodata            const    0x00004a58    0x10  Fonts_LCD.o [1]
  .rodata            const    0x00004a68    0x10  Fonts_LCD.o [1]
  .rodata            const    0x00004a78    0x10  Fonts_LCD.o [1]
  .rodata            const    0x00004a88    0x10  Fonts_LCD.o [1]
  .rodata            const    0x00004a98    0x10  Fonts_LCD.o [1]
  .rodata            const    0x00004aa8    0x10  Fonts_LCD.o [1]
  .rodata            const    0x00004ab8    0x10  Fonts_LCD.o [1]
  .rodata            const    0x00004ac8    0x10  Fonts_LCD.o [1]
  .rodata            const    0x00004ad8    0x10  Fonts_LCD.o [1]
  .rodata            const    0x00004ae8    0x10  SM.o [1]
  .rodata            const    0x00004af8     0xc  TD.o [1]
  .rodata            const    0x00004b04     0xc  TSS_SensorCTS.o [1]
  .rodata            const    0x00004b10     0xc  TSS_SensorCTS.o [1]
  .rodata            const    0x00004b1c     0xc  TSS_SensorCTS.o [1]
  .rodata            const    0x00004b28     0xc  TSS_SensorCTS.o [1]
  .rodata            const    0x00004b34     0xc  TSS_SensorCTS.o [1]
  .rodata            const    0x00004b40     0xc  TSS_SensorCTS.o [1]
  .text              ro code  0x00004b4c     0xc  cstartup_M.o [5]
  .rodata            const    0x00004b58     0x4  TSS_SensorCTS.o [1]
  .rodata            const    0x00004b5c     0x4  TSS_SystemSetupData.o [1]
  .rodata            const    0x00004b60     0x4  TSS_SystemSetupData.o [1]
  .rodata            const    0x00004b64     0x4  TSS_SystemSetupData.o [1]
  .rodata            const    0x00004b68     0x4  TSS_SystemSetupData.o [1]
  .rodata            const    0x00004b6c     0x4  TSS_SystemSetupData.o [1]
  .rodata            const    0x00004b70     0x4  TSS_SystemSetupData.o [1]
  .rodata            const    0x00004b74     0x4  TSS_SystemSetupData.o [1]
  .rodata            const    0x00004b78     0x4  TSS_SystemSetupData.o [1]
  .rodata            const    0x00004b7c     0x4  TSS_SystemSetupData.o [1]
  .rodata            const    0x00004b80     0x4  TSS_SystemSetupData.o [1]
  .rodata            const    0x00004b84     0x4  TSS_SystemSetupData.o [1]
  .rodata            const    0x00004b88     0x4  TSS_SystemSetupData.o [1]
  .rodata            const    0x00004b8c     0x4  TSS_SystemSetupData.o [1]
  .rodata            const    0x00004b90     0x4  TSS_SystemSetupData.o [1]
  .rodata            const    0x00004b94     0x4  TSS_SystemSetupData.o [1]
  .rodata            const    0x00004b98     0x4  TSS_SystemSetupData.o [1]
  .rodata            const    0x00004b9c     0x4  TSS_SystemSetupData.o [1]
  .text              ro code  0x00004ba0     0x4  vector_table_M_for_MK40X256.o [1]
  .text              ro code  0x00004ba4     0x2  vector_table_M_for_MK40X256.o [1]
                            - 0x00004ba6  0x4796

"P3", part 1 of 3:                         0x1a3
  P3 s0                       0x1fff8000   0x1a3  <Init block>
    .data            inited   0x1fff8000   0x180  Fonts_LCD.o [1]
    .data            inited   0x1fff8180    0x18  TSS_Sensor.o [1]
    .data            inited   0x1fff8198     0xa  TSS_KeyDetector.o [3]
    .data            inited   0x1fff81a2     0x1  Driver_SLCD.o [1]
                            - 0x1fff81a3   0x1a3

"P3", part 2 of 3:                         0x5f8
  .bss               zero     0x1fff81a4   0x1d8  dlmalloc.o [4]
  .bss               zero     0x1fff837c   0x178  DisplayM.o [1]
  .bss               zero     0x1fff84f4   0x12c  DisplayM.o [1]
  .bss               zero     0x1fff8620    0x18  DisplayM.o [1]
  .bss               zero     0x1fff8638    0x18  SM.o [1]
  .bss               zero     0x1fff8650    0x18  TSS.o [1]
  .bss               zero     0x1fff8668    0x18  dlmalloc.o [4]
  .bss               zero     0x1fff8680    0x10  TSS_SystemSetupData.o [1]
  .bss               zero     0x1fff8690    0x10  TSS_SystemSetupData.o [1]
  .bss               zero     0x1fff86a0     0xc  DisplayM.o [1]
  .bss               zero     0x1fff86ac     0xc  TSS_SystemSetupData.o [1]
  .bss               zero     0x1fff86b8     0xc  TSS_SystemSetupData.o [1]
  .bss               zero     0x1fff86c4     0xc  TSS_SystemSetupData.o [1]
  .bss               zero     0x1fff86d0     0x8  Task.o [1]
  .bss               zero     0x1fff86d8     0x8  Task.o [1]
  .bss               zero     0x1fff86e0     0x8  Task.o [1]
  .bss               zero     0x1fff86e8     0x8  TD.o [1]
  .bss               zero     0x1fff86f0     0x8  TSS.o [1]
  .bss               zero     0x1fff86f8     0x8  TSS_SystemSetupData.o [1]
  .bss               zero     0x1fff8700     0x8  TSS_SystemSetupData.o [1]
  .bss               zero     0x1fff8708     0x8  TSS_SystemSetupData.o [1]
  .bss               zero     0x1fff8710     0x8  TSS_SystemSetupData.o [1]
  .bss               zero     0x1fff8718     0x8  TSS_SystemSetupData.o [1]
  .bss               zero     0x1fff8720     0x8  TSS_SystemSetupData.o [1]
  .bss               zero     0x1fff8728     0x8  TSS_SystemSetupData.o [1]
  .bss               zero     0x1fff8730     0x8  TSS_SystemSetupData.o [1]
  .bss               zero     0x1fff8738     0x8  TSS_SystemSetupData.o [1]
  .bss               zero     0x1fff8740     0x8  TSS_SystemSetupData.o [1]
  .bss               zero     0x1fff8748     0x4  DisplayM.o [1]
  .bss               zero     0x1fff874c     0x4  Task.o [1]
  .bss               zero     0x1fff8750     0x4  TD.o [1]
  .bss               zero     0x1fff8754     0x4  TSS.o [1]
  .bss               zero     0x1fff8758     0x4  TSS.o [1]
  .bss               zero     0x1fff875c     0x4  TSS.o [1]
  .bss               zero     0x1fff8760     0x4  TSS.o [1]
  .bss               zero     0x1fff8764     0x4  TSS.o [1]
  .bss               zero     0x1fff8768     0x4  TSS.o [1]
  .bss               zero     0x1fff876c     0x4  TSS_SensorCTS.o [1]
  .bss               zero     0x1fff8770     0x4  TSS_SensorCTS.o [1]
  .bss               zero     0x1fff8774     0x4  TSS_SensorCTS.o [1]
  .bss               zero     0x1fff8778     0x4  TSS_SensorCTS.o [1]
  .bss               zero     0x1fff877c     0x4  TSS_SensorCTS.o [1]
  .bss               zero     0x1fff8780     0x4  TSS_SensorCTS.o [1]
  .bss               zero     0x1fff8784     0x4  TSS_SystemSetupData.o [1]
  .bss               zero     0x1fff8788     0x4  xgetmemchunk.o [4]
  .bss               zero     0x1fff878c     0x1  Driver_Electrodes.o [1]
  .bss               zero     0x1fff878d     0x1  TD.o [1]
  .bss               zero     0x1fff878e     0x1  TD.o [1]
  .bss               zero     0x1fff878f     0x1  TSS.o [1]
  .bss               zero     0x1fff8790     0x1  TSS_SystemSetupData.o [1]
  .bss               zero     0x1fff8791     0x1  TSS_SystemSetupData.o [1]
  .bss               zero     0x1fff8792     0x1  TSS_SystemSetupData.o [1]
  .bss               zero     0x1fff8793     0x1  TSS_SystemSetupData.o [1]
  .bss               zero     0x1fff8794     0x1  TSS_SystemSetupData.o [1]
  .bss               zero     0x1fff8795     0x1  TSS_SystemSetupData.o [1]
  .bss               zero     0x1fff8796     0x1  TSS_SystemSetupData.o [1]
  .bss               zero     0x1fff8797     0x1  TSS_SystemSetupData.o [1]
  .bss               zero     0x1fff8798     0x1  TSS_SystemSetupData.o [1]
  .bss               zero     0x1fff8799     0x1  TSS_SystemSetupData.o [1]
                            - 0x1fff879a   0x5f6

"P3", part 3 of 3:                        0x3000
  CSTACK                      0x1fff87a0  0x1000  <Block>
    CSTACK           uninit   0x1fff87a0  0x1000  <Block tail>
  HEAP                        0x1fff97a0  0x2000  <Block>
    HEAP             uninit   0x1fff97a0  0x2000  <Block tail>
                            - 0x1fffb7a0  0x3000


*******************************************************************************
*** INIT TABLE
***

          Address     Size
          -------     ----
Zero (__iar_zero_init3)
    1 destination range, total size 0x5f6:
          0x1fff81a4  0x5f6

Copy/packbits (__iar_packbits_init3)
    1 source range, total size 0xca (48% of destination):
          0x000001e0   0xca
    1 destination range, total size 0x1a3:
          0x1fff8000  0x1a3



*******************************************************************************
*** MODULE SUMMARY
***

    Module                         ro code  ro data  rw data
    ------                         -------  -------  -------
D:\Work\Freescale\SmartClock\Debug\Obj: [1]
    Clock.o                            180
    DisplayM.o                         896               716
    Driver_Electrodes.o                512                 1
    Driver_GPIO.o                      128
    Driver_SLCD.o                    2 044       41        1
    Fonts_LCD.o                                 825      384
    List.o                             160
    OS.o                               110
    Port.o                             220
    SM.o                               472       16       24
    TD.o                               468       12       14
    TSS.o                              376                57
    TSS_Sensor.o                       164       59       24
    TSS_SensorCTS.o                  1 452       76       24
    TSS_SystemSetupData.o               28       75      162
    Task.o                             528                28
    ds18b20.o                           42
    main.o                              36      120
    port_asm.o                         136
    vector_table_M_for_MK40X256.o      486
    --------------------------------------------------------
    Total:                           8 438    1 224    1 435

command line: [2]
    --------------------------------------------------------
    Total:

TSS_KXX_iar.a: [3]
    TSS_Filters.o                       58
    TSS_KeyDetector.o                2 308        5       10
    TSS_KeypadDecoder.o                828
    TSS_Main.o                       1 360
    --------------------------------------------------------
    Total:                           4 554        5       10

dl7M_tln.a: [4]
    abort.o                              6
    dlmalloc.o                       4 060               496
    exit.o                               4
    low_level_init.o                     4
    xgetmemchunk.o                      44                 4
    --------------------------------------------------------
    Total:                           4 118               500

rt7M_tl.a: [5]
    ABImemclr.o                          6
    ABImemcpy_unaligned.o              118
    ABImemset.o                        102
    cexit.o                             10
    cmain.o                             26
    cstartup_M.o                        12
    data_init.o                         40
    packbits_init.o                    216
    zero_init3.o                        64
    --------------------------------------------------------
    Total:                             594

shb_l.a: [6]
    exit.o                              20
    --------------------------------------------------------
    Total:                              20

    Gaps                                 7        4
    Linker created                               44   12 288
------------------------------------------------------------
    Grand Total:                    17 731    1 277   14 233


*******************************************************************************
*** ENTRY LIST
***

Entry                      Address   Size  Type      Object
-----                      -------   ----  ----      ------
.iar.init_table$$Base   0x000047dc          --   Gb  - Linker created -
.iar.init_table$$Limit  0x00004808          --   Gb  - Linker created -
?main                   0x00004809         Code  Gb  cmain.o [5]
CSTACK$$Base            0x1fff87a0          --   Gb  - Linker created -
CSTACK$$Limit           0x1fff97a0          --   Gb  - Linker created -
CTS_A24HS               0x0000265f   0x16  Code  Gb  TSS_SensorCTS.o [1]
CTS_A25HS               0x00002675   0x16  Code  Gb  TSS_SensorCTS.o [1]
CTS_A26HS               0x0000268b   0x16  Code  Gb  TSS_SensorCTS.o [1]
CTS_A27HS               0x000026a1   0x16  Code  Gb  TSS_SensorCTS.o [1]
CTS_A4HS                0x0000264b   0x14  Code  Gb  TSS_SensorCTS.o [1]
CTS_ARM7M4T2_PORTA_HS   0x00002551   0xfa  Code  Gb  TSS_SensorCTS.o [1]
CTS_ARM7M4T2_PORTB_HS   0x000026b9   0xfa  Code  Gb  TSS_SensorCTS.o [1]
CTS_B0HS                0x000027b3   0x14  Code  Gb  TSS_SensorCTS.o [1]
CTS_GetTurbo            0x00002805  0x128  Code  Gb  TSS_SensorCTS.o [1]
CTS_MethodControl       0x0000292d   0x6e  Code  Gb  TSS_SensorCTS.o [1]
CTS_SampleElectrode     0x0000299d  0x14e  Code  Gb  TSS_SensorCTS.o [1]
DS_Init                 0x0000473d   0x16  Code  Gb  ds18b20.o [1]
DS_MainTask             0x0000475d    0xa  Code  Gb  ds18b20.o [1]
DispCnt                 0x1fff878f    0x1  Data  Gb  TSS.o [1]
DispM_DisplayBuffer     0x000032cd   0x7e  Code  Lc  DisplayM.o [1]
DispM_DisplayNormal     0x0000334d   0x84  Code  Lc  DisplayM.o [1]
DispM_Error             0x000033d1    0xa  Code  Lc  DisplayM.o [1]
DispM_IdleState         0x0000326d    0x2  Code  Lc  DisplayM.o [1]
DispM_Init              0x000030f9   0x6e  Code  Gb  DisplayM.o [1]
DispM_MainTask          0x0000317b   0x1a  Code  Gb  DisplayM.o [1]
DispM_PrintString       0x000033db   0x84  Code  Gb  DisplayM.o [1]
DispM_SetDisplay        0x000031e9   0x82  Code  Lc  DisplayM.o [1]
DispM_Strlen            0x00003167   0x14  Code  Lc  DisplayM.o [1]
DispM_UpdateBaseDisplayBuffer
                        0x00003195   0x54  Code  Lc  DisplayM.o [1]
DispM_UpdateDisplayBuffer
                        0x00003271   0x5a  Code  Lc  DisplayM.o [1]
DispM_aui8GlobalStringBuffer
                        0x1fff837c  0x178  Data  Lc  DisplayM.o [1]
DispM_aui8UnalteredStringBuffer
                        0x1fff84f4  0x12c  Data  Lc  DisplayM.o [1]
DispM_info              0x1fff86a0    0xc  Data  Lc  DisplayM.o [1]
DispM_pDisplayBuffer    0x1fff8748    0x4  Data  Lc  DisplayM.o [1]
DispM_state             0x1fff8620   0x18  Data  Lc  DisplayM.o [1]
ElectrodeFlags          0x1fff878c    0x1  Data  Gb  Driver_Electrodes.o [1]
Fonts                   0x1fff8000  0x180  Data  Gb  Fonts_LCD.o [1]
HEAP$$Base              0x1fff97a0          --   Gb  - Linker created -
HEAP$$Limit             0x1fffb7a0          --   Gb  - Linker created -
InStream_Read           0x00004455   0x22  Code  Lc  packbits_init.o [5]
InitClock               0x0000452d   0xb4  Code  Gb  Clock.o [1]
List_CreateListItem     0x00003789   0x16  Code  Gb  List.o [1]
List_InsertElement      0x000036ff   0x36  Code  Gb  List.o [1]
List_InsertElementAtEnd
                        0x00003735   0x1a  Code  Gb  List.o [1]
List_RemoveElement      0x0000374f   0x3a  Code  Gb  List.o [1]
NVIC_SetPriority        0x000037a1   0x22  Code  Lc  Port.o [1]
OS_IdleTask             0x000038e9    0x2  Code  Gb  OS.o [1]
OS_Init                 0x0000387d   0x20  Code  Gb  OS.o [1]
OS_StartScheduler       0x000038b5   0x2a  Code  Gb  OS.o [1]
OS_TickHandler          0x0000389d   0x18  Code  Gb  OS.o [1]
OS_scheduledTaskList    0x00004684   0x78  Data  Gb  main.o [1]
PendSV_Handler          0x000038ed         Code  Gb  port_asm.o [1]
Port_EnableVFP          0x0000395b         Code  Gb  port_asm.o [1]
Port_Init               0x000037f1    0x2  Code  Gb  Port.o [1]
Port_InitializeTaskStack
                        0x0000381f   0x42  Code  Gb  Port.o [1]
Port_SetupInterrupts    0x000037f3   0x1e  Code  Gb  Port.o [1]
Port_StartFirstTask     0x00003945         Code  Gb  port_asm.o [1]
Port_TaskExitError      0x0000381d    0x2  Code  Gb  Port.o [1]
Region$$Table$$Base     0x000047dc          --   Gb  - Linker created -
Region$$Table$$Limit    0x00004808          --   Gb  - Linker created -
SM_DisplayDate          0x00003f85   0xa0  Code  Lc  SM.o [1]
SM_DisplayTemperature   0x000040bd    0xc  Code  Lc  SM.o [1]
SM_DisplayTest          0x00003f6d   0x16  Code  Lc  SM.o [1]
SM_DisplayTime          0x00004025   0x96  Code  Lc  SM.o [1]
SM_Init                 0x00003f31   0x3a  Code  Gb  SM.o [1]
SM_MainTask             0x000040e3   0x18  Code  Gb  SM.o [1]
SM_RequestPreviousState
                        0x000040cf   0x14  Code  Gb  SM.o [1]
SM_SetDate              0x000040c9    0x2  Code  Lc  SM.o [1]
SM_SetTime              0x000040cd    0x2  Code  Lc  SM.o [1]
SM_stateInfo            0x1fff8638   0x18  Data  Lc  SM.o [1]
SVC_Handler             0x00003929         Code  Gb  port_asm.o [1]
SysTick_Config          0x000037c3   0x2e  Code  Lc  Port.o [1]
SysTick_Handler         0x00003811    0xc  Code  Gb  Port.o [1]
TD_GetDate              0x000042ad   0x1a  Code  Gb  TD.o [1]
TD_GetTime              0x00004299   0x14  Code  Gb  TD.o [1]
TD_Init                 0x00004109   0x34  Code  Gb  TD.o [1]
TD_MainTask             0x0000413d   0x2c  Code  Gb  TD.o [1]
TD_UpdateDate           0x000041b9   0xe0  Code  Lc  TD.o [1]
TD_UpdateTime           0x00004169   0x50  Code  Lc  TD.o [1]
TD_currentDate          0x1fff86e8    0x8  Data  Lc  TD.o [1]
TD_currentTime          0x1fff8750    0x4  Data  Lc  TD.o [1]
TD_daysInAMonth         0x00004af8    0xc  Data  Lc  TD.o [1]
TD_ui1ChangeDay         0x1fff878d    0x1  Data  Lc  TD.o [1]
TSS1_fCallBack0         0x00003d95  0x10a  Code  Gb  Driver_Electrodes.o [1]
TSS_C0_STRUCTURE_CONTEXT
                        0x1fff8784    0x4  Data  Gb  TSS_SystemSetupData.o [1]
TSS_CTS_METHOD_ROMDATA_CONTEXT
                        0x00004b58    0x4  Data  Gb  TSS_SensorCTS.o [1]
TSS_CalculateDelta      0x00001b11   0x26  Code  Gb  TSS_KeyDetector.o [3]
TSS_CalculateIIRFilter  0x00001b43   0x18  Code  Gb  TSS_KeyDetector.o [3]
TSS_CheckElectrodeXState
                        0x00004339   0x7e  Code  Lc  TSS.o [1]
TSS_DataCorruptionCheck
                        0x00002ce1   0x7a  Code  Gb  TSS_Main.o [3]
TSS_E0_RAMDATA_CONTEXT  0x1fff876c    0x4  Data  Gb  TSS_SensorCTS.o [1]
TSS_E0_ROMDATA_CONTEXT  0x00004b04    0xc  Data  Gb  TSS_SensorCTS.o [1]
TSS_E1_RAMDATA_CONTEXT  0x1fff8770    0x4  Data  Gb  TSS_SensorCTS.o [1]
TSS_E1_ROMDATA_CONTEXT  0x00004b10    0xc  Data  Gb  TSS_SensorCTS.o [1]
TSS_E2_RAMDATA_CONTEXT  0x1fff8774    0x4  Data  Gb  TSS_SensorCTS.o [1]
TSS_E2_ROMDATA_CONTEXT  0x00004b1c    0xc  Data  Gb  TSS_SensorCTS.o [1]
TSS_E3_RAMDATA_CONTEXT  0x1fff8778    0x4  Data  Gb  TSS_SensorCTS.o [1]
TSS_E3_ROMDATA_CONTEXT  0x00004b28    0xc  Data  Gb  TSS_SensorCTS.o [1]
TSS_E4_RAMDATA_CONTEXT  0x1fff877c    0x4  Data  Gb  TSS_SensorCTS.o [1]
TSS_E4_ROMDATA_CONTEXT  0x00004b34    0xc  Data  Gb  TSS_SensorCTS.o [1]
TSS_E5_RAMDATA_CONTEXT  0x1fff8780    0x4  Data  Gb  TSS_SensorCTS.o [1]
TSS_E5_ROMDATA_CONTEXT  0x00004b40    0xc  Data  Gb  TSS_SensorCTS.o [1]
TSS_ExecuteDecoders     0x00002d5b   0x88  Code  Gb  TSS_Main.o [3]
TSS_FillDeltaLogBuffer  0x000017df    0xe  Code  Gb  TSS_KeyDetector.o [3]
TSS_IIRFilterEquation   0x00001d39   0x1c  Code  Gb  TSS_SystemSetupData.o [1]
TSS_Init                0x00002c13   0xce  Code  Gb  TSS_Main.o [3]
TSS_InitArrays          0x00002b39   0xda  Code  Gb  TSS_Main.o [3]
TSS_InitIIRFilter       0x00001b37    0x2  Code  Gb  TSS_KeyDetector.o [3]
TSS_InitTSS             0x000042dd   0x5c  Code  Gb  TSS.o [1]
TSS_KeyDetectorCalibrate
                        0x000019c3   0xa6  Code  Gb  TSS_KeyDetector.o [3]
TSS_KeyDetectorChgSensitivity
                        0x000017cf   0x10  Code  Gb  TSS_KeyDetector.o [3]
TSS_KeyDetectorDetect   0x000017ed  0x1d6  Code  Gb  TSS_KeyDetector.o [3]
TSS_KeyDetectorDetectDecoder
                        0x00001a69   0xa8  Code  Lc  TSS_KeyDetector.o [3]
TSS_KeyDetectorElectrodeEval
                        0x00001b5b   0xd4  Code  Lc  TSS_KeyDetector.o [3]
TSS_KeyDetectorGetEndCharPosition
                        0x00001c2f   0x2c  Code  Lc  TSS_KeyDetector.o [3]
TSS_KeyDetectorInit     0x000014e5   0x2e  Code  Gb  TSS_KeyDetector.o [3]
TSS_KeyDetectorMain     0x00001513  0x2b6  Code  Gb  TSS_KeyDetector.o [3]
TSS_KeyDetectorReleaseElectrode
                        0x00001c71   0x52  Code  Lc  TSS_KeyDetector.o [3]
TSS_KeypadConfig        0x00003b6b  0x120  Code  Gb  TSS_KeypadDecoder.o [3]
TSS_KeypadDecoder       0x00003975  0x1f6  Code  Gb  TSS_KeypadDecoder.o [3]
TSS_MainTask            0x000043b7   0x74  Code  Gb  TSS.o [1]
TSS_RecalibrateElectrode
                        0x00001465   0x80  Code  Lc  TSS_KeyDetector.o [3]
TSS_ResetElectrode      0x0000144b   0x1a  Code  Gb  TSS_KeyDetector.o [3]
TSS_ResetElectrodeDebouncing
                        0x00001435   0x16  Code  Gb  TSS_KeyDetector.o [3]
TSS_SensorInit          0x000045e1   0x9e  Code  Gb  TSS_Sensor.o [1]
TSS_SetSystemConfig     0x00002e83  0x17e  Code  Gb  TSS_Main.o [3]
TSS_Task                0x00002de3   0xa0  Code  Gb  TSS_Main.o [3]
TSS_electrode0State     0x1fff8754    0x4  Data  Lc  TSS.o [1]
TSS_electrode1State     0x1fff8758    0x4  Data  Lc  TSS.o [1]
TSS_electrode2State     0x1fff875c    0x4  Data  Lc  TSS.o [1]
TSS_electrode3State     0x1fff8760    0x4  Data  Lc  TSS.o [1]
TSS_electrode4State     0x1fff8764    0x4  Data  Lc  TSS.o [1]
TSS_electrode5State     0x1fff8768    0x4  Data  Lc  TSS.o [1]
TSS_fOnFault            0x00003d65   0x2e  Code  Gb  Driver_Electrodes.o [1]
TSS_fOnInit             0x00003d93    0x2  Code  Gb  Driver_Electrodes.o [1]
TSS_u16NoiseAmplitudeFilter
                        0x00002afd   0x34  Code  Gb  TSS_Filters.o [3]
Task_AddTaskInReadyList
                        0x000034b3   0x2e  Code  Lc  Task.o [1]
Task_BlockedList        0x1fff86d8    0x8  Data  Gb  Task.o [1]
Task_CheckDelayedTasks  0x000035b9   0x44  Code  Lc  Task.o [1]
Task_Create             0x00003507   0x70  Code  Gb  Task.o [1]
Task_Delay              0x000035fd   0x6c  Code  Gb  Task.o [1]
Task_Init               0x000034e1   0x26  Code  Gb  Task.o [1]
Task_InsertInReadyList  0x00003479   0x3a  Code  Lc  Task.o [1]
Task_ReadyList          0x1fff86d0    0x8  Data  Gb  Task.o [1]
Task_Schedule           0x00003577   0x42  Code  Gb  Task.o [1]
Task_SuspendedList      0x1fff86e0    0x8  Data  Gb  Task.o [1]
Task_SwitchContext      0x00003669    0xc  Code  Gb  Task.o [1]
Task_pCurrentTask       0x1fff874c    0x4  Data  Gb  Task.o [1]
WaveFormShiftRegisterTable
                        0x00004768   0x28  Data  Gb  Driver_SLCD.o [1]
_0                      0x00004868   0x10  Data  Gb  Fonts_LCD.o [1]
_1                      0x00004878   0x10  Data  Gb  Fonts_LCD.o [1]
_2                      0x00004888   0x10  Data  Gb  Fonts_LCD.o [1]
_3                      0x00004898   0x10  Data  Gb  Fonts_LCD.o [1]
_4                      0x000048a8   0x10  Data  Gb  Fonts_LCD.o [1]
_5                      0x000048b8   0x10  Data  Gb  Fonts_LCD.o [1]
_6                      0x000048c8   0x10  Data  Gb  Fonts_LCD.o [1]
_7                      0x000048d8   0x10  Data  Gb  Fonts_LCD.o [1]
_8                      0x000048e8   0x10  Data  Gb  Fonts_LCD.o [1]
_9                      0x000048f8   0x10  Data  Gb  Fonts_LCD.o [1]
_A                      0x00004908   0x10  Data  Gb  Fonts_LCD.o [1]
_B                      0x00004918   0x10  Data  Gb  Fonts_LCD.o [1]
_C                      0x00004928   0x10  Data  Gb  Fonts_LCD.o [1]
_Colon                  0x00004ac8   0x10  Data  Gb  Fonts_LCD.o [1]
_D                      0x00004938   0x10  Data  Gb  Fonts_LCD.o [1]
_Dot                    0x00004ab8   0x10  Data  Gb  Fonts_LCD.o [1]
_E                      0x00004948   0x10  Data  Gb  Fonts_LCD.o [1]
_Electrodes_Init        0x00003cb1   0xb4  Code  Gb  Driver_Electrodes.o [1]
_Exclamation            0x00004aa8   0x10  Data  Gb  Fonts_LCD.o [1]
_F                      0x00004958   0x10  Data  Gb  Fonts_LCD.o [1]
_G                      0x00004968   0x10  Data  Gb  Fonts_LCD.o [1]
_GPIO_Init              0x00003eb1   0x68  Code  Gb  Driver_GPIO.o [1]
_H                      0x00004978   0x10  Data  Gb  Fonts_LCD.o [1]
_I                      0x00004988   0x10  Data  Gb  Fonts_LCD.o [1]
_J                      0x00004998   0x10  Data  Gb  Fonts_LCD.o [1]
_K                      0x000049a8   0x10  Data  Gb  Fonts_LCD.o [1]
_L                      0x000049b8   0x10  Data  Gb  Fonts_LCD.o [1]
_M                      0x000049c8   0x10  Data  Gb  Fonts_LCD.o [1]
_N                      0x000049d8   0x10  Data  Gb  Fonts_LCD.o [1]
_O                      0x000049e8   0x10  Data  Gb  Fonts_LCD.o [1]
_P                      0x000049f8   0x10  Data  Gb  Fonts_LCD.o [1]
_Q                      0x00004a08   0x10  Data  Gb  Fonts_LCD.o [1]
_R                      0x00004a18   0x10  Data  Gb  Fonts_LCD.o [1]
_S                      0x00004a28   0x10  Data  Gb  Fonts_LCD.o [1]
_SLCDModule_ClearLCD    0x00002235  0x112  Code  Gb  Driver_SLCD.o [1]
_SLCDModule_ClearSegment
                        0x000021d1   0x32  Code  Gb  Driver_SLCD.o [1]
_SLCDModule_CopyWFRegister
                        0x000023ed   0xa8  Code  Gb  Driver_SLCD.o [1]
_SLCDModule_Init        0x00001d55  0x276  Code  Gb  Driver_SLCD.o [1]
_SLCDModule_PrintString
                        0x00001fcb   0x40  Code  Gb  Driver_SLCD.o [1]
_SLCDModule_SelectBackPlanePhase
                        0x00002495   0x8a  Code  Gb  Driver_SLCD.o [1]
_SLCDModule_SetSegment  0x00002185   0x38  Code  Gb  Driver_SLCD.o [1]
_SLCDModule_StringWFRegisters
                        0x0000200b   0xa0  Code  Gb  Driver_SLCD.o [1]
_SLCDModule_WriteWFRegister
                        0x00002349   0xa0  Code  Gb  Driver_SLCD.o [1]
_SPACE                  0x00004ad8   0x10  Data  Gb  Fonts_LCD.o [1]
_T                      0x00004a38   0x10  Data  Gb  Fonts_LCD.o [1]
_U                      0x00004a48   0x10  Data  Gb  Fonts_LCD.o [1]
_V                      0x00004a58   0x10  Data  Gb  Fonts_LCD.o [1]
_W                      0x00004a68   0x10  Data  Gb  Fonts_LCD.o [1]
_X                      0x00004a78   0x10  Data  Gb  Fonts_LCD.o [1]
_Y                      0x00004a88   0x10  Data  Gb  Fonts_LCD.o [1]
_Z                      0x00004a98   0x10  Data  Gb  Fonts_LCD.o [1]
__aeabi_memclr          0x00003089         Code  Gb  ABImemclr.o [5]
__aeabi_memset          0x00003091         Code  Gb  ABImemset.o [5]
__cmain                 0x00004809         Code  Gb  cmain.o [5]
__data_GetMemChunk      0x000013f5   0x2c  Code  Gb  xgetmemchunk.o [4]
__exit                  0x00001421   0x14  Code  Gb  exit.o [6]
__iar_Memset            0x00003091         Code  Gb  ABImemset.o [5]
__iar_Memset_word       0x00003099         Code  Gb  ABImemset.o [5]
__iar_data_init3        0x00004791   0x28  Code  Gb  data_init.o [5]
__iar_dlmalloc          0x00001131  0x2aa  Code  Gb  dlmalloc.o [4]
__iar_packbits_init3    0x00004477   0xb6  Code  Gb  packbits_init.o [5]
__iar_program_start     0x00004b4d         Code  Gb  cstartup_M.o [5]
__iar_unaligned___aeabi_memcpy
                        0x00003689         Code  Gb  ABImemcpy_unaligned.o [5]
__iar_unaligned___aeabi_memcpy4
                        0x000036a9         Code  Gb  ABImemcpy_unaligned.o [5]
__iar_unaligned___aeabi_memcpy8
                        0x000036a9         Code  Gb  ABImemcpy_unaligned.o [5]
__iar_zero_init3        0x000046fd   0x40  Code  Gb  zero_init3.o [5]
__low_level_init        0x00004823    0x4  Code  Gb  low_level_init.o [4]
__vector_table          0x00000000         Data  Gb  vector_table_M_for_MK40X256.o [1]
_call_main              0x00004815         Code  Gb  cmain.o [5]
_exit                   0x0000482d         Code  Gb  cexit.o [5]
_gm_                    0x1fff81a4  0x1d8  Data  Lc  dlmalloc.o [4]
_main                   0x0000481f         Code  Gb  cmain.o [5]
abort                   0x000013ed    0x6  Code  Gb  abort.o [4]
cKey0                   0x1fff86ac    0xc  Data  Gb  TSS_SystemSetupData.o [1]
exit                    0x00004827    0x4  Code  Gb  exit.o [4]
init_mparams            0x0000042b   0x32  Code  Lc  dlmalloc.o [4]
init_top                0x0000045d   0x34  Code  Lc  dlmalloc.o [4]
main                    0x000047b9   0x24  Code  Gb  main.o [1]
mparams                 0x1fff8668   0x18  Data  Lc  dlmalloc.o [4]
prepend_alloc           0x00000491  0x36c  Code  Lc  dlmalloc.o [4]
segment_holding         0x00000411   0x1a  Code  Lc  dlmalloc.o [4]
sys_alloc               0x000007fd  0x386  Code  Lc  dlmalloc.o [4]
tmalloc_large           0x00000b91  0x390  Code  Lc  dlmalloc.o [4]
tmalloc_small           0x00000f21  0x210  Code  Lc  dlmalloc.o [4]
tss_CSSys               0x1fff8690   0x10  Data  Gb  TSS_SystemSetupData.o [1]
tss_acp8ElectrodeRAMData
                        0x1fff8180   0x18  Data  Gb  TSS_Sensor.o [1]
tss_acp8ElectrodeROMData
                        0x00004850   0x18  Data  Gb  TSS_Sensor.o [1]
tss_acpsCSStructs       0x00004b64    0x4  Data  Gb  TSS_SystemSetupData.o [1]
tss_acpsDecContext      0x00004b60    0x4  Data  Gb  TSS_SystemSetupData.o [1]
tss_ai8CalPrevDelta     0x1fff8700    0x8  Data  Gb  TSS_SystemSetupData.o [1]
tss_ai8InstantDelta     0x1fff8740    0x8  Data  Gb  TSS_SystemSetupData.o [1]
tss_au16ElecBaseline    0x1fff86b8    0xc  Data  Gb  TSS_SystemSetupData.o [1]
tss_au16PrevCapSample   0x1fff86c4    0xc  Data  Gb  TSS_SystemSetupData.o [1]
tss_au8Buffers          0x1fff8738    0x8  Data  Gb  TSS_SystemSetupData.o [1]
tss_au8ChangeSignal     0x1fff8796    0x1  Data  Gb  TSS_SystemSetupData.o [1]
tss_au8DebounceCount    0x1fff8710    0x8  Data  Gb  TSS_SystemSetupData.o [1]
tss_au8ElecState        0x1fff8730    0x8  Data  Gb  TSS_SystemSetupData.o [1]
tss_au8ElectrodeEnablers
                        0x1fff8790    0x1  Data  Gb  TSS_SystemSetupData.o [1]
tss_au8ElectrodeMeasured
                        0x1fff8792    0x1  Data  Gb  TSS_SystemSetupData.o [1]
tss_au8ElectrodeStatus  0x1fff8791    0x1  Data  Gb  TSS_SystemSetupData.o [1]
tss_au8EventsBuff       0x1fff8680   0x10  Data  Gb  TSS_SystemSetupData.o [1]
tss_au8GrpEnablers      0x1fff8797    0x1  Data  Gb  TSS_SystemSetupData.o [1]
tss_au8GrpState         0x1fff8798    0x1  Data  Gb  TSS_SystemSetupData.o [1]
tss_au8IdleCounter      0x1fff8794    0x1  Data  Gb  TSS_SystemSetupData.o [1]
tss_au8IdleState        0x1fff8795    0x1  Data  Gb  TSS_SystemSetupData.o [1]
tss_au8ReleaseCount     0x1fff8720    0x8  Data  Gb  TSS_SystemSetupData.o [1]
tss_au8ReleaseThreshold
                        0x1fff8708    0x8  Data  Gb  TSS_SystemSetupData.o [1]
tss_au8ScheduleCount    0x1fff8793    0x1  Data  Gb  TSS_SystemSetupData.o [1]
tss_au8Sensitivity      0x1fff86f8    0x8  Data  Gb  TSS_SystemSetupData.o [1]
tss_au8StuckCount       0x1fff8728    0x8  Data  Gb  TSS_SystemSetupData.o [1]
tss_au8TouchCount       0x1fff8718    0x8  Data  Gb  TSS_SystemSetupData.o [1]
tss_cau8BuffMask        0x00002b36    0x1  Data  Gb  TSS_SystemSetupData.o [1]
tss_cau8CtrlIds         0x000013f2    0x1  Data  Gb  TSS_SystemSetupData.o [1]
tss_cau8GrpElecBound    0x000013f3    0x1  Data  Gb  TSS_SystemSetupData.o [1]
tss_cu8CtrlBitFldLn     0x000030f6    0x1  Data  Gb  TSS_SystemSetupData.o [1]
tss_cu8ElecBitFldLn     0x0000308f    0x1  Data  Gb  TSS_SystemSetupData.o [1]
tss_cu8NumCtrls         0x0000308e    0x1  Data  Gb  TSS_SystemSetupData.o [1]
tss_cu8NumElecs         0x00002b37    0x1  Data  Gb  TSS_SystemSetupData.o [1]
tss_fAutoTriggerConfig  0x00004b8c    0x4  Data  Gb  TSS_SystemSetupData.o [1]
tss_fCalculateIIRFilter
                        0x00004b74    0x4  Data  Gb  TSS_SystemSetupData.o [1]
tss_fDataCorruptionCheck
                        0x00004b84    0x4  Data  Gb  TSS_SystemSetupData.o [1]
tss_fExecuteDecoders    0x00004b70    0x4  Data  Gb  TSS_SystemSetupData.o [1]
tss_fFillDeltaLoglBuffer
                        0x00004b7c    0x4  Data  Gb  TSS_SystemSetupData.o [1]
tss_fFillSignalLoglBuffer
                        0x00004b80    0x4  Data  Gb  TSS_SystemSetupData.o [1]
tss_fFmstrCall          0x00004b88    0x4  Data  Gb  TSS_SystemSetupData.o [1]
tss_fInitIIRFilter      0x00004b78    0x4  Data  Gb  TSS_SystemSetupData.o [1]
tss_fLowPowerConfig     0x00004b90    0x4  Data  Gb  TSS_SystemSetupData.o [1]
tss_fOnFault            0x00004b98    0x4  Data  Gb  TSS_SystemSetupData.o [1]
tss_fOnInit             0x00004b9c    0x4  Data  Gb  TSS_SystemSetupData.o [1]
tss_fSensorInit         0x00004b94    0x4  Data  Gb  TSS_SystemSetupData.o [1]
tss_faCallback          0x00004b5c    0x4  Data  Gb  TSS_SystemSetupData.o [1]
tss_faDecoders          0x00004b6c    0x4  Data  Gb  TSS_SystemSetupData.o [1]
tss_faSampleElectrode   0x00004838   0x18  Data  Gb  TSS_Sensor.o [1]
tss_pau8EventsBuff      0x00004b68    0x4  Data  Gb  TSS_SystemSetupData.o [1]
tss_u16CapSample        0x1fff81a0    0x2  Data  Gb  TSS_KeyDetector.o [3]
tss_u8BufferCount       0x1fff8199    0x1  Data  Gb  TSS_KeyDetector.o [3]
tss_u8CalCounter        0x1fff8198    0x1  Data  Gb  TSS_KeyDetector.o [3]
tss_u8ConfCheckSum      0x1fff8799    0x1  Data  Gb  TSS_SystemSetupData.o [1]
tss_u8KeyDetectorElecCount
                        0x1fff819a    0x1  Data  Gb  TSS_KeyDetector.o [3]


[1] = D:\Work\Freescale\SmartClock\Debug\Obj
[2] = command line
[3] = TSS_KXX_iar.a
[4] = dl7M_tln.a
[5] = rt7M_tl.a
[6] = shb_l.a

  17 731 bytes of readonly  code memory
   1 277 bytes of readonly  data memory
  14 233 bytes of readwrite data memory

Errors: none
Warnings: none
